store_1.csv
date,sales,price,is_festival,is_festival_1d,is_weekend,Max_Temperature,Min_Temperature,extreme_weather,sales_1d,sales_2d,sales_3d,sales_4d,sales_5d,sales_6d,sales_7d,sales_diff,price_diff
2022/1/14,17.65,7.28,0,0,0,7,1,0,30.426,18.803,11.95,14.354,12.991,35.718,17.349,11.623,1.12
2022/1/15,10.141,11.33,0,0,1,9,-4,0,17.65,30.426,18.803,11.95,14.354,12.991,35.718,-12.776,4.05
2022/1/16,33.859,9.12,0,0,1,11,3,0,10.141,17.65,30.426,18.803,11.95,14.354,12.991,-7.509,-2.21
2022/1/17,16.458,11.02,0,0,0,13,3,0,33.859,10.141,17.65,30.426,18.803,11.95,14.354,23.718,1.9
2022/1/18,21.118,8.65,0,0,0,12,0,0,16.458,33.859,10.141,17.65,30.426,18.803,11.95,-17.401,-2.37
2022/1/19,23.074,10.27,0,0,0,13,3,0,21.118,16.458,33.859,10.141,17.65,30.426,18.803,4.66,1.62
2022/1/20,28.512,10.32,0,0,0,9,4,0,23.074,21.118,16.458,33.859,10.141,17.65,30.426,1.956,0.05
2022/1/21,12.697,11.16,0,0,0,6,2,0,28.512,23.074,21.118,16.458,33.859,10.141,17.65,5.438,0.84
2022/1/22,18.433,10.78,0,0,1,4,2,0,12.697,28.512,23.074,21.118,16.458,33.859,10.141,-15.815,-0.38
2022/1/23,19.095,8.47,0,0,1,3,1,0,18.433,12.697,28.512,23.074,21.118,16.458,33.859,5.736,-2.31
2022/1/24,20.61,10.41,0,0,0,4,0,0,19.095,18.433,12.697,28.512,23.074,21.118,16.458,0.662,1.94
2022/1/25,38.606,9.78,0,0,0,5,-2,0,20.61,19.095,18.433,12.697,28.512,23.074,21.118,1.515,-0.63
2022/1/26,32.338,10.77,0,0,0,3,0,0,38.606,20.61,19.095,18.433,12.697,28.512,23.074,17.996,0.99
2022/1/27,29.81,11.16,0,0,0,3,-4,0,32.338,38.606,20.61,19.095,18.433,12.697,28.512,-6.268,0.39
2022/1/28,29.782,11.06,0,0,0,3,0,0,29.81,32.338,38.606,20.61,19.095,18.433,12.697,-2.528,-0.1
2022/1/29,45.681,11.66,0,0,1,7,0,0,29.782,29.81,32.338,38.606,20.61,19.095,18.433,-0.028,0.6
2022/1/30,97.43,11.91,0,1,1,7,0,0,45.681,29.782,29.81,32.338,38.606,20.61,19.095,15.899,0.25
2022/1/31,41.135,11.98,1,0,0,7,1,0,97.43,45.681,29.782,29.81,32.338,38.606,20.61,51.749,0.07
2022/2/1,13.957,11.98,1,0,0,7,3,0,41.135,97.43,45.681,29.782,29.81,32.338,38.606,-56.295,0
2022/2/2,22.107,11.15,1,0,0,7,1,0,13.957,41.135,97.43,45.681,29.782,29.81,32.338,-27.178,-0.83
2022/2/3,31.813,11.88,1,0,0,8,0,0,22.107,13.957,41.135,97.43,45.681,29.782,29.81,8.15,0.73
2022/2/4,53.085,11.58,1,0,0,11,-1,0,31.813,22.107,13.957,41.135,97.43,45.681,29.782,9.706,-0.3
2022/2/5,31.89,11.39,1,0,1,9,2,0,53.085,31.813,22.107,13.957,41.135,97.43,45.681,21.272,-0.19
2022/2/6,20.866,6,1,0,1,5,0,0,31.89,53.085,31.813,22.107,13.957,41.135,97.43,-21.195,-5.39
2022/2/7,14.617,11.98,0,0,0,3,0,1,20.866,31.89,53.085,31.813,22.107,13.957,41.135,-11.024,5.98
2022/2/8,33.024,11.98,0,0,0,4,1,0,14.617,20.866,31.89,53.085,31.813,22.107,13.957,-6.249,0
2022/2/9,23.939,11.98,0,0,0,9,0,0,33.024,14.617,20.866,31.89,53.085,31.813,22.107,18.407,0
2022/2/10,17.572,11.98,0,0,0,6,3,0,23.939,33.024,14.617,20.866,31.89,53.085,31.813,-9.085,0
2022/2/11,16.146,5.62,0,0,0,8,2,0,17.572,23.939,33.024,14.617,20.866,31.89,53.085,-6.367,-6.36
2022/2/12,20.896,11.98,0,0,1,8,3,0,16.146,17.572,23.939,33.024,14.617,20.866,31.89,-1.426,6.36
2022/2/13,31.689,10.56,0,0,1,10,1,0,20.896,16.146,17.572,23.939,33.024,14.617,20.866,4.75,-1.42
2022/2/14,28.611,10.56,0,0,0,11,4,0,31.689,20.896,16.146,17.572,23.939,33.024,14.617,10.793,0
2022/2/15,27.882,10.56,0,0,0,10,6,0,28.611,31.689,20.896,16.146,17.572,23.939,33.024,-3.078,0
2022/2/16,36.581,10.43,0,0,0,8,4,0,27.882,28.611,31.689,20.896,16.146,17.572,23.939,-0.729,-0.13
2022/2/17,27.81,11.57,0,0,0,2,0,0,36.581,27.882,28.611,31.689,20.896,16.146,17.572,8.699,1.14
2022/2/18,24.064,11.96,0,0,0,3,0,0,27.81,36.581,27.882,28.611,31.689,20.896,16.146,-8.771,0.39
2022/2/19,38.216,11.04,0,0,1,8,0,0,24.064,27.81,36.581,27.882,28.611,31.689,20.896,-3.746,-0.92
2022/2/20,37.618,10.76,0,0,1,8,0,0,38.216,24.064,27.81,36.581,27.882,28.611,31.689,14.152,-0.28
2022/2/21,33.153,11.96,0,0,0,10,3,0,37.618,38.216,24.064,27.81,36.581,27.882,28.611,-0.598,1.2
2022/2/22,38.955,10.69,0,0,0,10,0,0,33.153,37.618,38.216,24.064,27.81,36.581,27.882,-4.465,-1.27
2022/2/23,15.579,11.96,0,0,0,11,0,0,38.955,33.153,37.618,38.216,24.064,27.81,36.581,5.802,1.27
2022/2/24,12.977,11.96,0,0,0,13,1,0,15.579,38.955,33.153,37.618,38.216,24.064,27.81,-23.376,0
2022/2/25,24.805,11.09,0,0,0,14,3,0,12.977,15.579,38.955,33.153,37.618,38.216,24.064,-2.602,-0.87
2022/2/26,23.684,11.62,0,0,1,19,7,0,24.805,12.977,15.579,38.955,33.153,37.618,38.216,11.828,0.53
2022/2/27,22.199,11.96,0,0,1,17,9,0,23.684,24.805,12.977,15.579,38.955,33.153,37.618,-1.121,0.34
2022/2/28,28.252,10.97,0,0,0,12,11,0,22.199,23.684,24.805,12.977,15.579,38.955,33.153,-1.485,-0.99
2022/3/1,24.435,11.3,0,0,0,17,8,0,28.252,22.199,23.684,24.805,12.977,15.579,38.955,6.053,0.33
2022/3/2,26.131,10.84,0,0,0,13,10,0,24.435,28.252,22.199,23.684,24.805,12.977,15.579,-3.817,-0.46
2022/3/3,35.283,11.02,0,0,0,20,5,0,26.131,24.435,28.252,22.199,23.684,24.805,12.977,1.696,0.18
2022/3/4,23.334,11.02,0,0,0,20,13,0,35.283,26.131,24.435,28.252,22.199,23.684,24.805,9.152,0
2022/3/5,17.669,11.96,0,0,1,18,8,0,23.334,35.283,26.131,24.435,28.252,22.199,23.684,-11.949,0.94
2022/3/6,30.604,9.96,0,0,1,18,5,0,17.669,23.334,35.283,26.131,24.435,28.252,22.199,-5.665,-2
2022/3/7,40.905,9.96,0,0,0,21,6,0,30.604,17.669,23.334,35.283,26.131,24.435,28.252,12.935,0
2022/3/8,31.899,9.96,0,0,0,20,9,0,40.905,30.604,17.669,23.334,35.283,26.131,24.435,10.301,0
2022/3/9,29.285,9.74,0,0,0,20,8,0,31.899,40.905,30.604,17.669,23.334,35.283,26.131,-9.006,-0.22
2022/3/10,30.615,9.96,0,0,0,19,9,0,29.285,31.899,40.905,30.604,17.669,23.334,35.283,-2.614,0.22
2022/3/11,33.893,9.78,0,0,0,14,8,0,30.615,29.285,31.899,40.905,30.604,17.669,23.334,1.33,-0.18
2022/3/12,31.742,9.76,0,0,1,17,4,0,33.893,30.615,29.285,31.899,40.905,30.604,17.669,3.278,-0.02
2022/3/13,14.488,9.96,0,0,1,28,16,0,31.742,33.893,30.615,29.285,31.899,40.905,30.604,-2.151,0.2
2022/3/14,23.798,9.96,0,0,0,24,15,0,14.488,31.742,33.893,30.615,29.285,31.899,40.905,-17.254,0
2022/3/15,37.803,8.67,0,0,0,28,15,0,23.798,14.488,31.742,33.893,30.615,29.285,31.899,9.31,-1.29
2022/3/16,21.332,9.53,0,0,0,22,11,1,37.803,23.798,14.488,31.742,33.893,30.615,29.285,14.005,0.86
2022/3/17,36.464,6.8,0,0,0,19,8,0,21.332,37.803,23.798,14.488,31.742,33.893,30.615,-16.471,-2.73
2022/3/18,25.541,8.3,0,0,0,13,8,0,36.464,21.332,37.803,23.798,14.488,31.742,33.893,15.132,1.5
2022/3/19,40.811,9.44,0,0,1,15,9,0,25.541,36.464,21.332,37.803,23.798,14.488,31.742,-10.923,1.14
2022/3/20,42.058,9.63,0,0,1,9,6,0,40.811,25.541,36.464,21.332,37.803,23.798,14.488,15.27,0.19
2022/3/21,27.06,9.96,0,0,0,8,7,0,42.058,40.811,25.541,36.464,21.332,37.803,23.798,1.247,0.33
2022/3/22,27.872,9.96,0,0,0,7,5,0,27.06,42.058,40.811,25.541,36.464,21.332,37.803,-14.998,0
2022/3/23,35.167,9.72,0,0,0,13,3,0,27.872,27.06,42.058,40.811,25.541,36.464,21.332,0.812,-0.24
2022/3/24,29.658,9.96,0,0,0,18,7,0,35.167,27.872,27.06,42.058,40.811,25.541,36.464,7.295,0.24
2022/3/25,24.083,9.51,0,0,0,11,4,0,29.658,35.167,27.872,27.06,42.058,40.811,25.541,-5.509,-0.45
2022/3/26,38.568,9.48,0,0,1,15,11,0,24.083,29.658,35.167,27.872,27.06,42.058,40.811,-5.575,-0.03
2022/3/27,36.265,9.89,0,0,1,20,8,0,38.568,24.083,29.658,35.167,27.872,27.06,42.058,14.485,0.41
2022/3/28,21.848,9.48,0,0,0,21,9,0,36.265,38.568,24.083,29.658,35.167,27.872,27.06,-2.303,-0.41
2022/3/29,39.311,9.39,0,0,0,20,10,0,21.848,36.265,38.568,24.083,29.658,35.167,27.872,-14.417,-0.09
2022/3/30,38.97,8.99,0,0,0,22,15,0,39.311,21.848,36.265,38.568,24.083,29.658,35.167,17.463,-0.4
2022/3/31,45.563,9.5,0,0,0,14,11,0,38.97,39.311,21.848,36.265,38.568,24.083,29.658,-0.341,0.51
2022/4/1,54.559,7.94,0,0,0,16,9,0,45.563,38.97,39.311,21.848,36.265,38.568,24.083,6.593,-1.56
2022/4/2,52.218,7.95,0,1,1,21,9,0,54.559,45.563,38.97,39.311,21.848,36.265,38.568,8.996,0.01
2022/4/3,46.868,7.98,1,0,1,23,10,0,52.218,54.559,45.563,38.97,39.311,21.848,36.265,-2.341,0.03
2022/4/4,93.702,7.96,1,0,0,20,12,0,46.868,52.218,54.559,45.563,38.97,39.311,21.848,-5.35,-0.02
2022/4/5,39.189,7.76,1,0,0,24,12,0,93.702,46.868,52.218,54.559,45.563,38.97,39.311,46.834,-0.2
2022/4/6,43.009,8.86,0,0,0,26,13,0,39.189,93.702,46.868,52.218,54.559,45.563,38.97,-54.513,1.1
2022/4/7,19.799,10.89,0,0,0,28,16,0,43.009,39.189,93.702,46.868,52.218,54.559,45.563,3.82,2.03
2022/4/8,24.959,10.95,0,0,0,28,14,0,19.799,43.009,39.189,93.702,46.868,52.218,54.559,-23.21,0.06
2022/4/9,34.959,9.95,0,0,1,31,18,0,24.959,19.799,43.009,39.189,93.702,46.868,52.218,5.16,-1
2022/4/10,32.744,9.55,0,0,1,32,17,0,34.959,24.959,19.799,43.009,39.189,93.702,46.868,10,-0.4
2022/4/11,60.089,8.5,0,0,0,31,19,0,32.744,34.959,24.959,19.799,43.009,39.189,93.702,-2.215,-1.05
2022/4/12,20.432,7.63,0,0,0,24,13,0,60.089,32.744,34.959,24.959,19.799,43.009,39.189,27.345,-0.87
2022/4/13,31.846,9.54,0,0,0,21,12,0,20.432,60.089,32.744,34.959,24.959,19.799,43.009,-39.657,1.91
2022/4/14,23.201,11.16,0,0,0,17,12,0,31.846,20.432,60.089,32.744,34.959,24.959,19.799,11.414,1.62
2022/4/15,46.251,10.9,0,0,0,12,9,0,23.201,31.846,20.432,60.089,32.744,34.959,24.959,-8.645,-0.26
2022/4/16,38.792,11.16,0,0,1,15,9,0,46.251,23.201,31.846,20.432,60.089,32.744,34.959,23.05,0.26
2022/4/17,13.182,11.16,0,0,1,19,8,0,38.792,46.251,23.201,31.846,20.432,60.089,32.744,-7.459,0
2022/4/18,26.74,10.65,0,0,0,21,10,0,13.182,38.792,46.251,23.201,31.846,20.432,60.089,-25.61,-0.51
2022/4/19,37.874,10.57,0,0,0,24,14,0,26.74,13.182,38.792,46.251,23.201,31.846,20.432,13.558,-0.08
2022/4/20,25.664,11.16,0,0,0,27,15,0,37.874,26.74,13.182,38.792,46.251,23.201,31.846,11.134,0.59
2022/4/21,35.152,10.94,0,0,0,28,14,0,25.664,37.874,26.74,13.182,38.792,46.251,23.201,-12.21,-0.22
2022/4/22,17.625,10.88,0,0,0,25,18,0,35.152,25.664,37.874,26.74,13.182,38.792,46.251,9.488,-0.06
2022/4/23,37.974,10.69,0,0,1,27,18,0,17.625,35.152,25.664,37.874,26.74,13.182,38.792,-17.527,-0.19
2022/4/24,36.36,10.68,0,0,1,29,21,1,37.974,17.625,35.152,25.664,37.874,26.74,13.182,20.349,-0.01
2022/4/25,36.223,10.66,0,0,0,26,17,0,36.36,37.974,17.625,35.152,25.664,37.874,26.74,-1.614,-0.02
2022/4/26,13.234,10.63,0,0,0,28,21,0,36.223,36.36,37.974,17.625,35.152,25.664,37.874,-0.137,-0.03
2022/4/27,22.862,10.68,0,0,0,27,19,0,13.234,36.223,36.36,37.974,17.625,35.152,25.664,-22.989,0.05
2022/4/28,15.727,9.25,0,0,0,22,10,0,22.862,13.234,36.223,36.36,37.974,17.625,35.152,9.628,-1.43
2022/4/29,44.458,9.72,0,1,0,21,10,0,15.727,22.862,13.234,36.223,36.36,37.974,17.625,-7.135,0.47
2022/4/30,40.219,9.83,1,0,1,17,13,0,44.458,15.727,22.862,13.234,36.223,36.36,37.974,28.731,0.11
2022/5/1,32.621,10.76,1,0,1,23,13,0,40.219,44.458,15.727,22.862,13.234,36.223,36.36,-4.239,0.93
2022/5/2,29.312,10.69,1,0,0,26,13,0,32.621,40.219,44.458,15.727,22.862,13.234,36.223,-7.598,-0.07
2022/5/3,48.788,10.88,1,0,0,28,13,0,29.312,32.621,40.219,44.458,15.727,22.862,13.234,-3.309,0.19
2022/5/4,36.859,10.39,1,0,0,28,15,0,48.788,29.312,32.621,40.219,44.458,15.727,22.862,19.476,-0.49
2022/5/5,37.33,10.11,0,0,0,29,18,0,36.859,48.788,29.312,32.621,40.219,44.458,15.727,-11.929,-0.28
2022/5/6,25.339,10.47,0,0,0,26,16,0,37.33,36.859,48.788,29.312,32.621,40.219,44.458,0.471,0.36
2022/5/7,26.101,10.52,0,0,1,28,21,0,25.339,37.33,36.859,48.788,29.312,32.621,40.219,-11.991,0.05
2022/5/8,46.16,10.69,0,0,1,27,19,0,26.101,25.339,37.33,36.859,48.788,29.312,32.621,0.762,0.17
2022/5/9,26.234,10.06,0,0,0,18,14,0,46.16,26.101,25.339,37.33,36.859,48.788,29.312,20.059,-0.63
2022/5/10,30.333,11,0,0,0,22,13,0,26.234,46.16,26.101,25.339,37.33,36.859,48.788,-19.926,0.94
2022/5/11,39.267,11.07,0,0,0,23,18,0,30.333,26.234,46.16,26.101,25.339,37.33,36.859,4.099,0.07
2022/5/12,28.61,11.01,0,0,0,24,17,0,39.267,30.333,26.234,46.16,26.101,25.339,37.33,8.934,-0.06
2022/5/13,38.55,11.16,0,0,0,22,17,0,28.61,39.267,30.333,26.234,46.16,26.101,25.339,-10.657,0.15
2022/5/14,26.4,10.98,0,0,1,21,10,0,38.55,28.61,39.267,30.333,26.234,46.16,26.101,9.94,-0.18
2022/5/15,35.906,10.68,0,0,1,27,14,0,26.4,38.55,28.61,39.267,30.333,26.234,46.16,-12.15,-0.3
2022/5/16,16.054,10.93,0,0,0,29,14,0,35.906,26.4,38.55,28.61,39.267,30.333,26.234,9.506,0.25
2022/5/17,48.096,9.81,0,0,0,28,17,0,16.054,35.906,26.4,38.55,28.61,39.267,30.333,-19.852,-1.12
2022/5/18,42.979,10.57,0,0,0,22,17,0,48.096,16.054,35.906,26.4,38.55,28.61,39.267,32.042,0.76
2022/5/19,26.534,10.27,0,0,0,18,15,0,42.979,48.096,16.054,35.906,26.4,38.55,28.61,-5.117,-0.3
2022/5/20,35.416,8.97,0,0,0,25,16,0,26.534,42.979,48.096,16.054,35.906,26.4,38.55,-16.445,-1.3
2022/5/21,61.614,9.3,0,0,1,25,17,0,35.416,26.534,42.979,48.096,16.054,35.906,26.4,8.882,0.33
2022/5/22,30.842,10.73,0,0,1,24,18,0,61.614,35.416,26.534,42.979,48.096,16.054,35.906,26.198,1.43
2022/5/23,38.759,10.03,0,0,0,28,19,0,30.842,61.614,35.416,26.534,42.979,48.096,16.054,-30.772,-0.7
2022/5/24,14.533,9.78,0,0,0,30,20,0,38.759,30.842,61.614,35.416,26.534,42.979,48.096,7.917,-0.25
2022/5/25,41.765,10.21,0,0,0,29,21,0,14.533,38.759,30.842,61.614,35.416,26.534,42.979,-24.226,0.43
2022/5/26,36.293,9.46,0,0,0,26,19,0,41.765,14.533,38.759,30.842,61.614,35.416,26.534,27.232,-0.75
2022/5/27,34.948,10.81,0,0,0,23,20,0,36.293,41.765,14.533,38.759,30.842,61.614,35.416,-5.472,1.35
2022/5/28,42.748,9.43,0,0,1,36,22,0,34.948,36.293,41.765,14.533,38.759,30.842,61.614,-1.345,-1.38
2022/5/29,19.941,11.16,0,0,1,31,20,0,42.748,34.948,36.293,41.765,14.533,38.759,30.842,7.8,1.73
2022/5/30,24.426,10.88,0,0,0,30,20,0,19.941,42.748,34.948,36.293,41.765,14.533,38.759,-22.807,-0.28
2022/5/31,38.261,10.05,0,0,0,29,24,0,24.426,19.941,42.748,34.948,36.293,41.765,14.533,4.485,-0.83
2022/6/1,39.248,10.51,0,0,0,29,23,0,38.261,24.426,19.941,42.748,34.948,36.293,41.765,13.835,0.46
2022/6/2,33.774,10.45,0,1,0,29,24,0,39.248,38.261,24.426,19.941,42.748,34.948,36.293,0.987,-0.06
2022/6/3,64.434,11,1,0,0,29,24,0,33.774,39.248,38.261,24.426,19.941,42.748,34.948,-5.474,0.55
2022/6/4,24.739,9.24,1,0,1,30,24,0,64.434,33.774,39.248,38.261,24.426,19.941,42.748,30.66,-1.76
2022/6/5,23.251,11.16,1,0,1,35,20,0,24.739,64.434,33.774,39.248,38.261,24.426,19.941,-39.695,1.92
2022/6/6,10.032,8.54,0,0,0,34,22,0,23.251,24.739,64.434,33.774,39.248,38.261,24.426,-1.488,-2.62
2022/6/7,30.265,6.83,0,0,0,32,21,0,10.032,23.251,24.739,64.434,33.774,39.248,38.261,-13.219,-1.71
2022/6/8,19.314,8.29,0,0,0,34,24,0,30.265,10.032,23.251,24.739,64.434,33.774,39.248,20.233,1.46
2022/6/9,26.942,10.14,0,0,0,31,25,0,19.314,30.265,10.032,23.251,24.739,64.434,33.774,-10.951,1.85
2022/6/10,7.573,8.62,0,0,0,31,24,0,26.942,19.314,30.265,10.032,23.251,24.739,64.434,7.628,-1.52
2022/6/11,26.746,8.08,0,0,1,33,22,0,7.573,26.942,19.314,30.265,10.032,23.251,24.739,-19.369,-0.54
2022/6/12,17.093,10.56,0,0,1,26,19,0,26.746,7.573,26.942,19.314,30.265,10.032,23.251,19.173,2.48
2022/6/13,19.363,10.22,0,0,0,28,21,0,17.093,26.746,7.573,26.942,19.314,30.265,10.032,-9.653,-0.34
2022/6/14,16.846,9.65,0,0,0,33,23,0,19.363,17.093,26.746,7.573,26.942,19.314,30.265,2.27,-0.57
2022/6/15,18.261,9.91,0,0,0,34,23,0,16.846,19.363,17.093,26.746,7.573,26.942,19.314,-2.517,0.26
2022/6/16,33.466,7.38,0,0,0,38,23,0,18.261,16.846,19.363,17.093,26.746,7.573,26.942,1.415,-2.53
2022/6/17,38.83,7.95,0,0,0,31,24,0,33.466,18.261,16.846,19.363,17.093,26.746,7.573,15.205,0.57
2022/6/18,49.573,7.75,0,0,1,32,24,0,38.83,33.466,18.261,16.846,19.363,17.093,26.746,5.364,-0.2
2022/6/19,32.656,7.98,0,0,1,27,24,0,49.573,38.83,33.466,18.261,16.846,19.363,17.093,10.743,0.23
2022/6/20,25.182,10.56,0,0,0,30,24,0,32.656,49.573,38.83,33.466,18.261,16.846,19.363,-16.917,2.58
2022/6/21,17.728,10.56,0,0,0,32,25,0,25.182,32.656,49.573,38.83,33.466,18.261,16.846,-7.474,0
2022/6/22,26.725,10.04,0,0,0,34,27,0,17.728,25.182,32.656,49.573,38.83,33.466,18.261,-7.454,-0.52
2022/6/23,11.62,10.56,0,0,0,31,26,0,26.725,17.728,25.182,32.656,49.573,38.83,33.466,8.997,0.52
2022/6/24,19.536,9.56,0,0,0,33,25,0,11.62,26.725,17.728,25.182,32.656,49.573,38.83,-15.105,-1
2022/6/25,49.464,7.27,0,0,1,34,28,0,19.536,11.62,26.725,17.728,25.182,32.656,49.573,7.916,-2.29
2022/6/26,18.072,9.96,0,0,1,33,28,0,49.464,19.536,11.62,26.725,17.728,25.182,32.656,29.928,2.69
2022/6/27,26.815,8.41,0,0,0,31,25,0,18.072,49.464,19.536,11.62,26.725,17.728,25.182,-31.392,-1.55
2022/6/28,22.331,8.92,0,0,0,34,25,0,26.815,18.072,49.464,19.536,11.62,26.725,17.728,8.743,0.51
2022/6/29,16.517,9.96,0,0,0,31,23,0,22.331,26.815,18.072,49.464,19.536,11.62,26.725,-4.484,1.04
2022/6/30,31.492,9.92,0,0,0,34,26,0,16.517,22.331,26.815,18.072,49.464,19.536,11.62,-5.814,-0.04
2022/7/1,20.4,8.57,0,0,0,34,25,0,31.492,16.517,22.331,26.815,18.072,49.464,19.536,14.975,-1.35
2022/7/2,32.08,9.49,0,0,1,33,25,0,20.4,31.492,16.517,22.331,26.815,18.072,49.464,-11.092,0.92
2022/7/3,19.384,9.84,0,0,1,31,25,0,32.08,20.4,31.492,16.517,22.331,26.815,18.072,11.68,0.35
2022/7/4,23.337,8.82,0,0,0,28,24,1,19.384,32.08,20.4,31.492,16.517,22.331,26.815,-12.696,-1.02
2022/7/5,19.097,8.19,0,0,0,29,24,0,23.337,19.384,32.08,20.4,31.492,16.517,22.331,3.953,-0.63
2022/7/6,23.848,9.08,0,0,0,33,25,0,19.097,23.337,19.384,32.08,20.4,31.492,16.517,-4.24,0.89
2022/7/7,22.831,8.39,0,0,0,32,26,0,23.848,19.097,23.337,19.384,32.08,20.4,31.492,4.751,-0.69
2022/7/8,25.724,8.83,0,0,0,33,27,0,22.831,23.848,19.097,23.337,19.384,32.08,20.4,-1.017,0.44
2022/7/9,18.986,9.16,0,0,1,33,28,0,25.724,22.831,23.848,19.097,23.337,19.384,32.08,2.893,0.33
2022/7/10,24.906,8.79,0,0,1,27,21,0,18.986,25.724,22.831,23.848,19.097,23.337,19.384,-6.738,-0.37
2022/7/11,26.444,8.83,0,0,0,37,28,0,24.906,18.986,25.724,22.831,23.848,19.097,23.337,5.92,0.04
2022/7/12,28.807,8.78,0,0,0,36,29,0,26.444,24.906,18.986,25.724,22.831,23.848,19.097,1.538,-0.05
2022/7/13,21.771,9.16,0,0,0,36,29,0,28.807,26.444,24.906,18.986,25.724,22.831,23.848,2.363,0.38
2022/7/14,17.61,9.16,0,0,0,37,29,0,21.771,28.807,26.444,24.906,18.986,25.724,22.831,-7.036,0
2022/7/15,23.44,8.72,0,0,0,37,29,0,17.61,21.771,28.807,26.444,24.906,18.986,25.724,-4.161,-0.44
2022/7/16,36.694,8.93,0,0,1,35,28,0,23.44,17.61,21.771,28.807,26.444,24.906,18.986,5.83,0.21
2022/7/17,22.246,8.98,0,0,1,33,26,0,36.694,23.44,17.61,21.771,28.807,26.444,24.906,13.254,0.05
2022/7/18,25.593,9.04,0,0,0,35,27,0,22.246,36.694,23.44,17.61,21.771,28.807,26.444,-14.448,0.06
