store_1.csv
date,sales,price,is_festival,is_festival_1d,is_weekend,Max_Temperature,Min_Temperature,extreme_weather,sales_1d,sales_2d,sales_3d,sales_4d,sales_5d,sales_6d,sales_7d,sales_diff,price_diff
2022/7/19,36.577,8.27,0,0,0,29,25,0,25.593,22.246,36.694,23.44,17.61,21.771,28.807,3.347,-0.77
2022/7/20,38.982,8.88,0,0,0,26,22,0,36.577,25.593,22.246,36.694,23.44,17.61,21.771,10.984,0.61
2022/7/21,32.353,9.96,0,0,0,33,25,0,38.982,36.577,25.593,22.246,36.694,23.44,17.61,2.405,1.08
2022/7/22,32.193,7.98,0,0,0,34,25,0,32.353,38.982,36.577,25.593,22.246,36.694,23.44,-6.629,-1.98
2022/7/23,42.157,7.78,0,0,1,26,20,0,32.193,32.353,38.982,36.577,25.593,22.246,36.694,-0.16,-0.2
2022/7/24,34.691,7.63,0,0,1,34,23,0,42.157,32.193,32.353,38.982,36.577,25.593,22.246,9.964,-0.15
2022/7/25,47.13,7.8,0,0,0,33,24,0,34.691,42.157,32.193,32.353,38.982,36.577,25.593,-7.466,0.17
2022/7/26,29.422,9.63,0,0,0,37,27,0,47.13,34.691,42.157,32.193,32.353,38.982,36.577,12.439,1.83
2022/7/27,28.494,9.96,0,0,0,36,25,0,29.422,47.13,34.691,42.157,32.193,32.353,38.982,-17.708,0.33
2022/7/28,44.734,9.4,0,0,0,30,25,0,28.494,29.422,47.13,34.691,42.157,32.193,32.353,-0.928,-0.56
2022/7/29,29.128,9.68,0,0,0,33,24,0,44.734,28.494,29.422,47.13,34.691,42.157,32.193,16.24,0.28
2022/7/30,25.472,9.3,0,0,1,35,25,0,29.128,44.734,28.494,29.422,47.13,34.691,42.157,-15.606,-0.38
2022/7/31,19.494,9.72,0,0,1,34,24,0,25.472,29.128,44.734,28.494,29.422,47.13,34.691,-3.656,0.42
2022/8/1,17.533,9.96,0,0,0,34,25,0,19.494,25.472,29.128,44.734,28.494,29.422,47.13,-5.978,0.24
2022/8/2,57.97,7.18,0,0,0,35,28,0,17.533,19.494,25.472,29.128,44.734,28.494,29.422,-1.961,-2.78
2022/8/3,37.071,8.83,0,0,0,36,27,0,57.97,17.533,19.494,25.472,29.128,44.734,28.494,40.437,1.65
2022/8/4,22.101,8.35,0,0,0,35,28,0,37.071,57.97,17.533,19.494,25.472,29.128,44.734,-20.899,-0.48
2022/8/5,28.117,8.01,0,0,0,35,28,0,22.101,37.071,57.97,17.533,19.494,25.472,29.128,-14.97,-0.34
2022/8/6,30.724,7.54,0,0,1,35,29,0,28.117,22.101,37.071,57.97,17.533,19.494,25.472,6.016,-0.47
2022/8/7,32.014,9.54,0,0,1,37,28,0,30.724,28.117,22.101,37.071,57.97,17.533,19.494,2.607,2
2022/8/8,22.736,9.38,0,0,0,37,28,0,32.014,30.724,28.117,22.101,37.071,57.97,17.533,1.29,-0.16
2022/8/9,37.689,9.5,0,0,0,36,28,0,22.736,32.014,30.724,28.117,22.101,37.071,57.97,-9.278,0.12
2022/8/10,29.45,7.98,0,0,0,36,27,0,37.689,22.736,32.014,30.724,28.117,22.101,37.071,14.953,-1.52
2022/8/11,28.345,7.89,0,0,0,36,27,0,29.45,37.689,22.736,32.014,30.724,28.117,22.101,-8.239,-0.09
2022/8/12,35.78,7.98,0,0,0,37,28,0,28.345,29.45,37.689,22.736,32.014,30.724,28.117,-1.105,0.09
2022/8/13,26.936,7.92,0,0,1,36,28,0,35.78,28.345,29.45,37.689,22.736,32.014,30.724,7.435,-0.06
2022/8/14,34.073,7.98,0,0,1,36,29,0,26.936,35.78,28.345,29.45,37.689,22.736,32.014,-8.844,0.06
2022/8/15,30.789,8.36,0,0,0,38,30,0,34.073,26.936,35.78,28.345,29.45,37.689,22.736,7.137,0.38
2022/8/16,27.349,8.61,0,0,0,36,28,0,30.789,34.073,26.936,35.78,28.345,29.45,37.689,-3.284,0.25
2022/8/17,38.738,7.49,0,0,0,37,30,0,27.349,30.789,34.073,26.936,35.78,28.345,29.45,-3.44,-1.12
2022/8/18,33.689,8.88,0,0,0,39,30,0,38.738,27.349,30.789,34.073,26.936,35.78,28.345,11.389,1.39
2022/8/19,30.713,7.99,0,0,0,39,29,0,33.689,38.738,27.349,30.789,34.073,26.936,35.78,-5.049,-0.89
2022/8/20,26.77,9.16,0,0,1,38,29,0,30.713,33.689,38.738,27.349,30.789,34.073,26.936,-2.976,1.17
2022/8/21,34.92,8.34,0,0,1,37,30,0,26.77,30.713,33.689,38.738,27.349,30.789,34.073,-3.943,-0.82
2022/8/22,39.635,8.44,0,0,0,38,30,0,34.92,26.77,30.713,33.689,38.738,27.349,30.789,8.15,0.1
2022/8/23,29.275,9.05,0,0,0,35,24,0,39.635,34.92,26.77,30.713,33.689,38.738,27.349,4.715,0.61
2022/8/24,34.503,8.8,0,0,0,34,26,0,29.275,39.635,34.92,26.77,30.713,33.689,38.738,-10.36,-0.25
2022/8/25,32.057,7.98,0,0,0,35,26,0,34.503,29.275,39.635,34.92,26.77,30.713,33.689,5.228,-0.82
2022/8/26,38.611,7.98,0,0,0,33,27,0,32.057,34.503,29.275,39.635,34.92,26.77,30.713,-2.446,0
2022/8/27,56.928,7.94,0,0,1,28,22,0,38.611,32.057,34.503,29.275,39.635,34.92,26.77,6.554,-0.04
2022/8/28,43.695,7.94,0,0,1,25,21,0,56.928,38.611,32.057,34.503,29.275,39.635,34.92,18.317,0
2022/8/29,34.313,8.77,0,0,0,24,22,0,43.695,56.928,38.611,32.057,34.503,29.275,39.635,-13.233,0.83
2022/8/30,32.941,8.62,0,0,0,23,19,0,34.313,43.695,56.928,38.611,32.057,34.503,29.275,-9.382,-0.15
2022/8/31,34.848,7.5,0,0,0,26,20,0,32.941,34.313,43.695,56.928,38.611,32.057,34.503,-1.372,-1.12
2022/9/1,25.895,8.18,0,0,0,26,21,0,34.848,32.941,34.313,43.695,56.928,38.611,32.057,1.907,0.68
2022/9/2,31.995,8.93,0,0,0,31,21,0,25.895,34.848,32.941,34.313,43.695,56.928,38.611,-8.953,0.75
2022/9/3,31.91,8.72,0,0,1,31,21,0,31.995,25.895,34.848,32.941,34.313,43.695,56.928,6.1,-0.21
2022/9/4,30.202,8.72,0,0,1,32,21,0,31.91,31.995,25.895,34.848,32.941,34.313,43.695,-0.085,0
2022/9/5,31.448,8.05,0,0,0,35,21,0,30.202,31.91,31.995,25.895,34.848,32.941,34.313,-1.708,-0.67
2022/9/6,52.666,7.73,0,0,0,37,20,0,31.448,30.202,31.91,31.995,25.895,34.848,32.941,1.246,-0.32
2022/9/7,32.662,7.72,0,0,0,36,23,0,52.666,31.448,30.202,31.91,31.995,25.895,34.848,21.218,-0.01
2022/9/8,36.333,7.71,0,0,0,35,25,0,32.662,52.666,31.448,30.202,31.91,31.995,25.895,-20.004,-0.01
2022/9/9,32.548,7.9,0,1,0,31,25,0,36.333,32.662,52.666,31.448,30.202,31.91,31.995,3.671,0.19
2022/9/10,50.315,7.66,1,0,1,33,22,0,32.548,36.333,32.662,52.666,31.448,30.202,31.91,-3.785,-0.24
2022/9/11,28.77,7.92,1,0,1,33,23,0,50.315,32.548,36.333,32.662,52.666,31.448,30.202,17.767,0.26
2022/9/12,35.832,7.91,1,0,0,33,23,0,28.77,50.315,32.548,36.333,32.662,52.666,31.448,-21.545,-0.01
2022/9/13,22.022,8.63,0,0,0,33,23,0,35.832,28.77,50.315,32.548,36.333,32.662,52.666,7.062,0.72
2022/9/14,27.474,8.75,0,0,0,32,21,0,22.022,35.832,28.77,50.315,32.548,36.333,32.662,-13.81,0.12
2022/9/15,24.266,7.88,0,0,0,31,21,0,27.474,22.022,35.832,28.77,50.315,32.548,36.333,5.452,-0.87
2022/9/16,22.188,9.92,0,0,0,33,22,0,24.266,27.474,22.022,35.832,28.77,50.315,32.548,-3.208,2.04
2022/9/17,18.959,7.66,0,0,1,34,24,0,22.188,24.266,27.474,22.022,35.832,28.77,50.315,-2.078,-2.26
2022/9/18,39.161,4.73,0,0,1,32,24,0,18.959,22.188,24.266,27.474,22.022,35.832,28.77,-3.229,-2.93
2022/9/19,10.694,9.96,0,0,0,32,23,0,39.161,18.959,22.188,24.266,27.474,22.022,35.832,20.202,5.23
2022/9/20,13.46,9.41,0,0,0,25,17,0,10.694,39.161,18.959,22.188,24.266,27.474,22.022,-28.467,-0.55
2022/9/21,29.576,5.72,0,0,0,19,18,0,13.46,10.694,39.161,18.959,22.188,24.266,27.474,2.766,-3.69
2022/9/22,43.263,6.06,0,0,0,23,21,0,29.576,13.46,10.694,39.161,18.959,22.188,24.266,16.116,0.34
2022/9/23,15.809,7.09,0,0,0,27,20,0,43.263,29.576,13.46,10.694,39.161,18.959,22.188,13.687,1.03
2022/9/24,36.434,7.48,0,0,1,21,16,0,15.809,43.263,29.576,13.46,10.694,39.161,18.959,-27.454,0.39
2022/9/25,31.885,7.33,0,0,1,24,16,0,36.434,15.809,43.263,29.576,13.46,10.694,39.161,20.625,-0.15
2022/9/26,19.987,7.91,0,0,0,28,17,0,31.885,36.434,15.809,43.263,29.576,13.46,10.694,-4.549,0.58
2022/9/27,31.486,7.71,0,0,0,29,21,0,19.987,31.885,36.434,15.809,43.263,29.576,13.46,-11.898,-0.2
2022/9/28,13.105,7.96,0,0,0,26,19,0,31.486,19.987,31.885,36.434,15.809,43.263,29.576,11.499,0.25
2022/9/29,26.284,5.37,0,0,0,31,20,0,13.105,31.486,19.987,31.885,36.434,15.809,43.263,-18.381,-2.59
2022/9/30,30.527,6.23,0,1,0,34,24,0,26.284,13.105,31.486,19.987,31.885,36.434,15.809,13.179,0.86
2022/10/1,57.472,5.16,1,0,1,37,26,0,30.527,26.284,13.105,31.486,19.987,31.885,36.434,4.243,-1.07
2022/10/2,14.861,5.98,1,0,1,37,27,0,57.472,30.527,26.284,13.105,31.486,19.987,31.885,26.945,0.82
2022/10/3,43.626,6.46,1,0,0,38,17,0,14.861,57.472,30.527,26.284,13.105,31.486,19.987,-42.611,0.48
2022/10/4,29.906,5.22,1,0,0,19,11,0,43.626,14.861,57.472,30.527,26.284,13.105,31.486,28.765,-1.24
2022/10/5,38.227,6.68,1,0,0,12,8,0,29.906,43.626,14.861,57.472,30.527,26.284,13.105,-13.72,1.46
2022/10/6,35.574,5.7,1,0,0,11,8,0,38.227,29.906,43.626,14.861,57.472,30.527,26.284,8.321,-0.98
2022/10/7,14.635,7.96,1,0,0,13,11,0,35.574,38.227,29.906,43.626,14.861,57.472,30.527,-2.653,2.26
2022/10/8,32.833,8.06,0,0,1,14,12,0,14.635,35.574,38.227,29.906,43.626,14.861,57.472,-20.939,0.1
2022/10/9,47.26,8.53,0,0,1,19,9,0,32.833,14.635,35.574,38.227,29.906,43.626,14.861,18.198,0.47
2022/10/10,33.74,7.53,0,0,0,20,8,0,47.26,32.833,14.635,35.574,38.227,29.906,43.626,14.427,-1
2022/10/11,16.5,7.11,0,0,0,22,10,0,33.74,47.26,32.833,14.635,35.574,38.227,29.906,-13.52,-0.42
2022/10/12,15.894,9.08,0,0,0,24,11,0,16.5,33.74,47.26,32.833,14.635,35.574,38.227,-17.24,1.97
2022/10/13,17.283,9.16,0,0,0,25,10,0,15.894,16.5,33.74,47.26,32.833,14.635,35.574,-0.606,0.08
2022/10/14,43.404,8.89,0,0,0,26,14,0,17.283,15.894,16.5,33.74,47.26,32.833,14.635,1.389,-0.27
2022/10/15,46.38,8.91,0,0,1,27,16,0,43.404,17.283,15.894,16.5,33.74,47.26,32.833,26.121,0.02
2022/10/16,49.531,9.04,0,0,1,29,15,0,46.38,43.404,17.283,15.894,16.5,33.74,47.26,2.976,0.13
2022/10/17,52.681,9.18,0,0,0,23,12,0,49.531,46.38,43.404,17.283,15.894,16.5,33.74,3.151,0.14
2022/10/18,28.759,9.15,0,0,0,23,9,0,52.681,49.531,46.38,43.404,17.283,15.894,16.5,3.15,-0.03
2022/10/19,47.364,9.1,0,0,0,24,10,0,28.759,52.681,49.531,46.38,43.404,17.283,15.894,-23.922,-0.05
2022/10/20,15.648,9.32,0,0,0,22,15,0,47.364,28.759,52.681,49.531,46.38,43.404,17.283,18.605,0.22
2022/10/21,38.677,9.16,0,0,0,24,15,0,15.648,47.364,28.759,52.681,49.531,46.38,43.404,-31.716,-0.16
2022/10/22,26.148,9.72,0,0,1,29,15,0,38.677,15.648,47.364,28.759,52.681,49.531,46.38,23.029,0.56
2022/10/23,52.906,8.09,0,0,1,28,16,0,26.148,38.677,15.648,47.364,28.759,52.681,49.531,-12.529,-1.63
2022/10/24,32.756,7.77,0,0,0,21,17,0,52.906,26.148,38.677,15.648,47.364,28.759,52.681,26.758,-0.32
2022/10/25,31.769,8,0,0,0,18,16,0,32.756,52.906,26.148,38.677,15.648,47.364,28.759,-20.15,0.23
2022/10/26,42.03,7.46,0,0,0,17,14,0,31.769,32.756,52.906,26.148,38.677,15.648,47.364,-0.987,-0.54
2022/10/27,22.265,9.41,0,0,0,16,13,0,42.03,31.769,32.756,52.906,26.148,38.677,15.648,10.261,1.95
2022/10/28,27.873,9.96,0,0,0,15,13,0,22.265,42.03,31.769,32.756,52.906,26.148,38.677,-19.765,0.55
2022/10/29,31.904,9.69,0,0,1,16,14,0,27.873,22.265,42.03,31.769,32.756,52.906,26.148,5.608,-0.27
2022/10/30,25.486,9.81,0,0,1,22,11,0,31.904,27.873,22.265,42.03,31.769,32.756,52.906,4.031,0.12
2022/10/31,28.832,9.75,0,0,0,23,11,0,25.486,31.904,27.873,22.265,42.03,31.769,32.756,-6.418,-0.06
2022/11/1,19.159,9.96,0,0,0,23,12,0,28.832,25.486,31.904,27.873,22.265,42.03,31.769,3.346,0.21
2022/11/2,13.863,9.62,0,0,0,24,11,0,19.159,28.832,25.486,31.904,27.873,22.265,42.03,-9.673,-0.34
2022/11/3,37.874,8.82,0,0,0,24,12,0,13.863,19.159,28.832,25.486,31.904,27.873,22.265,-5.296,-0.8
2022/11/4,28.66,9.61,0,0,0,18,12,0,37.874,13.863,19.159,28.832,25.486,31.904,27.873,24.011,0.79
2022/11/5,24.227,8.67,0,0,1,20,10,0,28.66,37.874,13.863,19.159,28.832,25.486,31.904,-9.214,-0.94
2022/11/6,22.891,8.7,0,0,1,23,11,0,24.227,28.66,37.874,13.863,19.159,28.832,25.486,-4.433,0.03
2022/11/7,34.243,7.91,0,0,0,24,12,0,22.891,24.227,28.66,37.874,13.863,19.159,28.832,-1.336,-0.79
2022/11/8,14.242,8.8,0,0,0,24,12,0,34.243,22.891,24.227,28.66,37.874,13.863,19.159,11.352,0.89
2022/11/9,20.29,8.72,0,0,0,26,14,0,14.242,34.243,22.891,24.227,28.66,37.874,13.863,-20.001,-0.08
2022/11/10,29.582,9.06,0,0,0,28,17,0,20.29,14.242,34.243,22.891,24.227,28.66,37.874,6.048,0.34
2022/11/11,30.245,9.42,0,0,0,25,17,0,29.582,20.29,14.242,34.243,22.891,24.227,28.66,9.292,0.36
2022/11/12,41.203,8.46,0,0,1,18,11,0,30.245,29.582,20.29,14.242,34.243,22.891,24.227,0.663,-0.96
2022/11/13,29.447,9.96,0,0,1,13,8,0,41.203,30.245,29.582,20.29,14.242,34.243,22.891,10.958,1.5
2022/11/14,14.851,9.96,0,0,0,13,9,0,29.447,41.203,30.245,29.582,20.29,14.242,34.243,-11.756,0
2022/11/15,22.399,9.46,0,0,0,19,9,0,14.851,29.447,41.203,30.245,29.582,20.29,14.242,-14.596,-0.5
2022/11/16,25.972,9.4,0,0,0,15,11,0,22.399,14.851,29.447,41.203,30.245,29.582,20.29,7.548,-0.06
2022/11/17,22.424,7.91,0,0,0,19,11,0,25.972,22.399,14.851,29.447,41.203,30.245,29.582,3.573,-1.49
2022/11/18,22.798,8.83,0,0,0,15,12,0,22.424,25.972,22.399,14.851,29.447,41.203,30.245,-3.548,0.92
2022/11/19,17.796,9.11,0,0,1,20,10,0,22.798,22.424,25.972,22.399,14.851,29.447,41.203,0.374,0.28
2022/11/20,34.868,7.28,0,0,1,21,13,0,17.796,22.798,22.424,25.972,22.399,14.851,29.447,-5.002,-1.83
2022/11/21,15.863,9,0,0,0,14,12,0,34.868,17.796,22.798,22.424,25.972,22.399,14.851,17.072,1.72
2022/11/22,23.017,7.96,0,0,0,17,11,0,15.863,34.868,17.796,22.798,22.424,25.972,22.399,-19.005,-1.04
2022/11/23,25.224,7.09,0,0,0,15,10,0,23.017,15.863,34.868,17.796,22.798,22.424,25.972,7.154,-0.87
2022/11/24,23.578,7.45,0,0,0,18,12,0,25.224,23.017,15.863,34.868,17.796,22.798,22.424,2.207,0.36
2022/11/25,26.499,5.88,0,0,0,19,11,0,23.578,25.224,23.017,15.863,34.868,17.796,22.798,-1.646,-1.57
2022/11/26,38.873,7.22,0,0,1,19,11,0,26.499,23.578,25.224,23.017,15.863,34.868,17.796,2.921,1.34
2022/11/27,21.679,7.7,0,0,1,20,15,0,38.873,26.499,23.578,25.224,23.017,15.863,34.868,12.374,0.48
2022/11/28,15.743,7.96,0,0,0,13,9,0,21.679,38.873,26.499,23.578,25.224,23.017,15.863,-17.194,0.26
2022/11/29,22.113,7.96,0,0,0,11,1,0,15.743,21.679,38.873,26.499,23.578,25.224,23.017,-5.936,0
2022/11/30,32.345,6.95,0,0,0,2,0,0,22.113,15.743,21.679,38.873,26.499,23.578,25.224,6.37,-1.01
2022/12/1,25.432,6.79,0,0,0,2,0,0,32.345,22.113,15.743,21.679,38.873,26.499,23.578,10.232,-0.16
2022/12/2,27.904,9.51,0,0,0,7,-1,0,25.432,32.345,22.113,15.743,21.679,38.873,26.499,-6.913,2.72
2022/12/3,20.086,8.39,0,0,1,7,3,0,27.904,25.432,32.345,22.113,15.743,21.679,38.873,2.472,-1.12
2022/12/4,22.402,9.45,0,0,1,6,2,0,20.086,27.904,25.432,32.345,22.113,15.743,21.679,-7.818,1.06
2022/12/5,25.114,8.17,0,0,0,9,2,0,22.402,20.086,27.904,25.432,32.345,22.113,15.743,2.316,-1.28
2022/12/6,25.844,8.75,0,0,0,8,2,0,25.114,22.402,20.086,27.904,25.432,32.345,22.113,2.712,0.58
2022/12/7,25.29,7.96,0,0,0,11,4,0,25.844,25.114,22.402,20.086,27.904,25.432,32.345,0.73,-0.79
2022/12/8,31.243,6.5,0,0,0,13,3,0,25.29,25.844,25.114,22.402,20.086,27.904,25.432,-0.554,-1.46
2022/12/9,25.595,7.56,0,0,0,14,4,0,31.243,25.29,25.844,25.114,22.402,20.086,27.904,5.953,1.06
2022/12/10,28.386,7.47,0,0,1,15,0,0,25.595,31.243,25.29,25.844,25.114,22.402,20.086,-5.648,-0.09
2022/12/11,14.809,6.93,0,0,1,9,0,0,28.386,25.595,31.243,25.29,25.844,25.114,22.402,2.791,-0.54
2022/12/12,40.273,7.47,0,0,0,12,1,0,14.809,28.386,25.595,31.243,25.29,25.844,25.114,-13.577,0.54
2022/12/13,29.984,8.29,0,0,0,14,0,0,40.273,14.809,28.386,25.595,31.243,25.29,25.844,25.464,0.82
2022/12/14,19.516,8.25,0,0,0,13,2,0,29.984,40.273,14.809,28.386,25.595,31.243,25.29,-10.289,-0.04
2022/12/15,21.533,9.75,0,0,0,13,3,0,19.516,29.984,40.273,14.809,28.386,25.595,31.243,-10.468,1.5
2022/12/16,27.715,8.24,0,0,0,6,2,0,21.533,19.516,29.984,40.273,14.809,28.386,25.595,2.017,-1.51
2022/12/17,41.943,9.95,0,0,1,8,-2,0,27.715,21.533,19.516,29.984,40.273,14.809,28.386,6.182,1.71
2022/12/18,10.601,9.57,0,0,1,10,0,0,41.943,27.715,21.533,19.516,29.984,40.273,14.809,14.228,-0.38
2022/12/19,32.51,9.96,0,0,0,14,2,0,10.601,41.943,27.715,21.533,19.516,29.984,40.273,-31.342,0.39
2022/12/20,22.329,9.96,0,0,0,11,0,0,32.51,10.601,41.943,27.715,21.533,19.516,29.984,21.909,0
2022/12/21,27.968,9.45,0,0,0,17,3,0,22.329,32.51,10.601,41.943,27.715,21.533,19.516,-10.181,-0.51
2022/12/22,31.184,8.91,0,0,0,12,0,0,27.968,22.329,32.51,10.601,41.943,27.715,21.533,5.639,-0.54
2022/12/23,33.06,8.45,0,0,0,13,0,0,31.184,27.968,22.329,32.51,10.601,41.943,27.715,3.216,-0.46
2022/12/24,31.052,9.39,0,0,1,12,2,0,33.06,31.184,27.968,22.329,32.51,10.601,41.943,1.876,0.94
2022/12/25,13.783,8.55,0,0,1,7,1,0,31.052,33.06,31.184,27.968,22.329,32.51,10.601,-2.008,-0.84
2022/12/26,27.819,8.95,0,0,0,8,3,0,13.783,31.052,33.06,31.184,27.968,22.329,32.51,-17.269,0.4
2022/12/27,27.346,9.48,0,0,0,5,3,0,27.819,13.783,31.052,33.06,31.184,27.968,22.329,14.036,0.53
2022/12/28,37.561,8.31,0,0,0,9,2,0,27.346,27.819,13.783,31.052,33.06,31.184,27.968,-0.473,-1.17
2022/12/29,17.98,8.79,0,0,0,9,0,0,37.561,27.346,27.819,13.783,31.052,33.06,31.184,10.215,0.48
2022/12/30,28.557,9.29,0,1,0,11,-2,0,17.98,37.561,27.346,27.819,13.783,31.052,33.06,-19.581,0.5
2022/12/31,24.499,9.96,1,0,1,8,-4,0,28.557,17.98,37.561,27.346,27.819,13.783,31.052,10.577,0.67
2023/1/1,1.546,9.96,1,0,1,8,6,0,24.499,28.557,17.98,37.561,27.346,27.819,13.783,-4.058,0
2023/1/2,48.989,9.9,1,0,0,11,3,0,1.546,24.499,28.557,17.98,37.561,27.346,27.819,-22.953,-0.06
2023/1/3,17.026,9.37,0,0,0,12,3,0,48.989,1.546,24.499,28.557,17.98,37.561,27.346,47.443,-0.53
2023/1/4,26.014,9.7,0,0,0,9,7,0,17.026,48.989,1.546,24.499,28.557,17.98,37.561,-31.963,0.33
2023/1/5,18.083,9.96,0,0,0,10,2,0,26.014,17.026,48.989,1.546,24.499,28.557,17.98,8.988,0.26
2023/1/6,27.269,9.15,0,0,0,18,3,0,18.083,26.014,17.026,48.989,1.546,24.499,28.557,-7.931,-0.81
2023/1/7,33.74,9.68,0,0,1,19,5,0,27.269,18.083,26.014,17.026,48.989,1.546,24.499,9.186,0.53
2023/1/8,23.565,9.29,0,0,1,20,6,0,33.74,27.269,18.083,26.014,17.026,48.989,1.546,6.471,-0.39
2023/1/9,25.301,8.19,0,0,0,16,4,0,23.565,33.74,27.269,18.083,26.014,17.026,48.989,-10.175,-1.1
2023/1/10,21.419,9.38,0,0,0,13,4,0,25.301,23.565,33.74,27.269,18.083,26.014,17.026,1.736,1.19
2023/1/11,32.898,8.9,0,0,0,14,8,0,21.419,25.301,23.565,33.74,27.269,18.083,26.014,-3.882,-0.48
2023/1/12,13.325,8.91,0,0,0,13,9,0,32.898,21.419,25.301,23.565,33.74,27.269,18.083,11.479,0.01
2023/1/13,11.394,7.78,0,0,0,9,5,0,13.325,32.898,21.419,25.301,23.565,33.74,27.269,-19.573,-1.13
2023/1/14,15.814,9.96,0,0,1,6,0,0,11.394,13.325,32.898,21.419,25.301,23.565,33.74,-1.931,2.18
2023/1/15,29.889,8.61,0,0,1,1,0,0,15.814,11.394,13.325,32.898,21.419,25.301,23.565,4.42,-1.35
2023/1/16,26.725,8.97,0,0,0,3,0,0,29.889,15.814,11.394,13.325,32.898,21.419,25.301,14.075,0.36
2023/1/17,39.591,9.9,0,0,0,6,0,0,26.725,29.889,15.814,11.394,13.325,32.898,21.419,-3.164,0.93
2023/1/18,39.673,9.35,0,0,0,9,1,0,39.591,26.725,29.889,15.814,11.394,13.325,32.898,12.866,-0.55
2023/1/19,48.497,10.34,0,0,0,13,0,0,39.673,39.591,26.725,29.889,15.814,11.394,13.325,0.082,0.99
